\BOOKMARK [1][-]{section.1}{\376\377\151\202\217\360}{}% 1
\BOOKMARK [1][-]{section.2}{\376\377\133\236\232\214\166\356\166\204}{}% 2
\BOOKMARK [1][-]{section.3}{\376\377\133\236\232\214\121\205\133\271}{}% 3
\BOOKMARK [1][-]{section.4}{\376\377\122\240\217\175\173\054\116\000\116\052\165\050\142\067\172\013\136\217\136\166\232\214\213\301\000\040\000r\000a\000w\000\040\000l\000o\000a\000d\000e\000r}{}% 4
\BOOKMARK [2][-]{subsection.4.1}{\376\377\177\026\213\321\136\166\142\123\123\005\173\054\116\000\116\052\165\050\142\067\172\013\136\217}{section.4}% 5
\BOOKMARK [2][-]{subsection.4.2}{\376\377\133\236\163\260\147\000\134\017\123\026\000\040\000r\000a\000w\000\040\000l\000o\000a\000d\000e\000r}{section.4}% 6
\BOOKMARK [2][-]{subsection.4.3}{\376\377\217\320\210\114\163\260\214\141\116\016\226\066\153\265\176\323\213\272}{section.4}% 7
\BOOKMARK [1][-]{section.5}{\376\377\137\002\136\070\143\247\122\066\155\101\060\001\000t\000r\000a\000p\000\040\000f\000r\000a\000m\000e\000\040\116\016\174\373\176\337\214\003\165\050\147\000\134\017\225\355\163\257}{}% 8
\BOOKMARK [2][-]{subsection.5.1}{\376\377\122\240\121\145\000\040\000A\000S\000Y\000E\000\040\166\204\147\000\134\017\232\250\147\266}{section.5}% 9
\BOOKMARK [2][-]{subsection.5.2}{\376\377\116\316\000\040\000l\000i\000d\000t\000\040\122\060\000\040\000v\000e\000c\000s\000y\000s\000\050\000\051\000\040\166\204\220\020\153\145\143\250\217\333}{section.5}% 10
\BOOKMARK [2][-]{subsection.5.3}{\376\377\000t\000r\000a\000p\000\040\000f\000r\000a\000m\000e\060\001\000\137\000R\000e\000g\000S\000e\000t\000\040\116\016\174\373\176\337\214\003\165\050\123\302\145\160\117\040\220\022}{section.5}% 11
\BOOKMARK [2][-]{subsection.5.4}{\376\377\133\236\163\260\000\040\000S\000Y\000S\000\137\000n\000o\000n\000e\060\001\000S\000Y\000S\000\137\000e\000x\000i\000t\000\040\116\016\147\000\134\017\174\373\176\337\214\003\165\050\225\355\163\257}{section.5}% 12
\BOOKMARK [1][-]{section.6}{\376\377\145\207\116\366\174\373\176\337\060\001\213\276\131\007\142\275\214\141\116\016\217\320\210\114\133\214\145\164\165\050\142\067\172\013\136\217}{}% 13
\BOOKMARK [2][-]{subsection.6.1}{\376\377\133\236\163\260\000\040\000S\000Y\000S\000\137\000w\000r\000i\000t\000e\000\040\116\016\127\050\000\040\000N\000a\000n\000o\000s\000-\000l\000i\000t\000e\000\040\116\012\217\320\210\114\000\040\000h\000e\000l\000l\000o}{section.6}% 14
\BOOKMARK [2][-]{subsection.6.2}{\376\377\133\236\163\260\000\040\000S\000Y\000S\000\137\000b\000r\000k\000\040\116\016\165\050\142\067\134\102\000\040\000\137\000s\000b\000r\000k\000\050\000\051}{section.6}% 15
\BOOKMARK [2][-]{subsection.6.3}{\376\377\133\236\163\260\173\200\146\023\145\207\116\366\174\373\176\337\136\166\217\320\210\114\000\040\000t\000e\000x\000t}{section.6}% 16
\BOOKMARK [2][-]{subsection.6.4}{\376\377\134\006\213\276\131\007\142\275\214\141\116\072\145\207\116\366}{section.6}% 17
\BOOKMARK [2][-]{subsection.6.5}{\376\377\217\320\210\114\000\040\000p\000a\000l}{section.6}% 18
\BOOKMARK [1][-]{section.7}{\376\377\137\305\173\124\230\230}{}% 19
\BOOKMARK [2][-]{subsection.7.1}{\376\377\116\331\122\121\131\107\117\240\117\040\116\055\156\070\142\017\133\130\150\143\166\204\213\373\123\326\217\307\172\013}{section.7}% 20
\BOOKMARK [2][-]{subsection.7.2}{\376\377\116\331\122\121\131\107\117\240\117\040\116\055\134\117\136\125\146\364\145\260\166\204\217\307\172\013}{section.7}% 21
\BOOKMARK [1][-]{section.8}{\376\377\140\035\200\003}{}% 22
\BOOKMARK [2][-]{subsection.8.1}{\376\377\133\371\153\324\137\002\136\070\116\016\121\375\145\160\214\003\165\050}{section.8}% 23
\BOOKMARK [2][-]{subsection.8.2}{\376\377\000t\000r\000a\000p\000.\000S\000\040\221\314\116\072\116\300\116\110\211\201\000\040\000p\000u\000s\000h\000l\000\040\000\045\000e\000s\000p}{section.8}% 24
\BOOKMARK [2][-]{subsection.8.3}{\376\377\177\023\121\262\123\072\116\016\174\373\176\337\214\003\165\050\137\000\225\000}{section.8}% 25
\BOOKMARK [1][-]{section.9}{\376\377\133\236\232\214\217\307\172\013\116\055\220\107\122\060\166\204\225\356\230\230\116\016\211\343\121\263\145\271\154\325}{}% 26
\BOOKMARK [2][-]{subsection.9.1}{\376\377\147\000\137\000\131\313\167\013\122\060\000\040\000i\000n\000v\000a\000l\000i\000d\000\040\000o\000p\000c\000o\000d\000e\000\040\145\366\377\014\116\015\200\375\123\352\166\357\167\100\177\072\124\352\147\141\143\007\116\344}{section.9}% 27
\BOOKMARK [2][-]{subsection.9.2}{\376\377\000l\000i\000d\000t\000/\000i\000n\000t\000/\000i\000r\000e\000t\000\040\116\015\123\352\146\057\000\040\000h\000e\000l\000p\000e\000r\000\040\133\236\163\260\377\014\000o\000p\000c\000o\000d\000e\000\040\000t\000a\000b\000l\000e\000\040\166\204\143\245\176\277\124\014\150\067\121\163\225\056}{section.9}% 28
\BOOKMARK [2][-]{subsection.9.3}{\376\377\000t\000r\000a\000p\000\040\000f\000r\000a\000m\000e\000\040\225\356\230\230\147\000\140\025\167\013\215\167\147\145\135\356\116\015\131\032}{section.9}% 29
\BOOKMARK [2][-]{subsection.9.4}{\376\377\000S\000Y\000S\000\137\000b\000r\000k\000\040\124\214\000\040\000\137\000s\000b\000r\000k\000\050\000\051\000\040\167\013\117\074\173\200\123\125\377\014\117\106\137\210\133\271\146\023\124\214\150\007\121\306\136\223\220\022\137\122\177\040\127\050\116\000\215\167}{section.9}% 30
\BOOKMARK [1][-]{section.10}{\376\377\140\073\176\323}{}% 31
