===== Baseline =====
	Command being timed: "./outputfile baseline"
	User time (seconds): 37.07
	System time (seconds): 0.00
	Percent of CPU this job got: 99%
	Elapsed (wall clock) time (h:mm:ss or m:ss): 0:37.09
	Average shared text size (kbytes): 0
	Average unshared data size (kbytes): 0
	Average stack size (kbytes): 0
	Average total size (kbytes): 0
	Maximum resident set size (kbytes): 35372
	Average resident set size (kbytes): 0
	Major (requiring I/O) page faults: 0
	Minor (reclaiming a frame) page faults: 7091
	Voluntary context switches: 1
	Involuntary context switches: 24
	Swaps: 0
	File system inputs: 0
	File system outputs: 0
	Socket messages sent: 0
	Socket messages received: 0
	Signals delivered: 0
	Page size (bytes): 4096
	Exit status: 0
===== OpenMP =====
	Command being timed: "./outputfile openmp"
	User time (seconds): 30.72
	System time (seconds): 0.02
	Percent of CPU this job got: 152%
	Elapsed (wall clock) time (h:mm:ss or m:ss): 0:20.15
	Average shared text size (kbytes): 0
	Average unshared data size (kbytes): 0
	Average stack size (kbytes): 0
	Average total size (kbytes): 0
	Maximum resident set size (kbytes): 35460
	Average resident set size (kbytes): 0
	Major (requiring I/O) page faults: 0
	Minor (reclaiming a frame) page faults: 11000
	Voluntary context switches: 15
	Involuntary context switches: 495
	Swaps: 0
	File system inputs: 0
	File system outputs: 0
	Socket messages sent: 0
	Socket messages received: 0
	Signals delivered: 0
	Page size (bytes): 4096
	Exit status: 0
===== Block Parallel =====
	Command being timed: "./outputfile block"
	User time (seconds): 31.61
	System time (seconds): 0.01
	Percent of CPU this job got: 99%
	Elapsed (wall clock) time (h:mm:ss or m:ss): 0:31.62
	Average shared text size (kbytes): 0
	Average unshared data size (kbytes): 0
	Average stack size (kbytes): 0
	Average total size (kbytes): 0
	Maximum resident set size (kbytes): 35372
	Average resident set size (kbytes): 0
	Major (requiring I/O) page faults: 0
	Minor (reclaiming a frame) page faults: 7931
	Voluntary context switches: 1
	Involuntary context switches: 20
	Swaps: 0
	File system inputs: 0
	File system outputs: 0
	Socket messages sent: 0
	Socket messages received: 0
	Signals delivered: 0
	Page size (bytes): 4096
	Exit status: 0
===== SIMD =====
	Command being timed: "./outputfile simd"
	User time (seconds): 22.84
	System time (seconds): 0.01
	Percent of CPU this job got: 99%
	Elapsed (wall clock) time (h:mm:ss or m:ss): 0:22.86
	Average shared text size (kbytes): 0
	Average unshared data size (kbytes): 0
	Average stack size (kbytes): 0
	Average total size (kbytes): 0
	Maximum resident set size (kbytes): 43500
	Average resident set size (kbytes): 0
	Major (requiring I/O) page faults: 0
	Minor (reclaiming a frame) page faults: 7089
	Voluntary context switches: 1
	Involuntary context switches: 12
	Swaps: 0
	File system inputs: 0
	File system outputs: 0
	Socket messages sent: 0
	Socket messages received: 0
	Signals delivered: 0
	Page size (bytes): 4096
	Exit status: 0
===== MPI =====
	Command being timed: "mpirun --allow-run-as-root -np 4 ./outputfile mpi"
	User time (seconds): 87.42
	System time (seconds): 1.04
	Percent of CPU this job got: 383%
	Elapsed (wall clock) time (h:mm:ss or m:ss): 0:23.08
	Average shared text size (kbytes): 0
	Average unshared data size (kbytes): 0
	Average stack size (kbytes): 0
	Average total size (kbytes): 0
	Maximum resident set size (kbytes): 46164
	Average resident set size (kbytes): 0
	Major (requiring I/O) page faults: 9
	Minor (reclaiming a frame) page faults: 36950
	Voluntary context switches: 8328
	Involuntary context switches: 268
	Swaps: 0
	File system inputs: 0
	File system outputs: 16656
	Socket messages sent: 0
	Socket messages received: 0
	Signals delivered: 0
	Page size (bytes): 4096
	Exit status: 0
===== HIP/DCU (before) =====

============================ System Management Interface =============================
======================================================================================
DCU[0]		: Temperature (Sensor edge) (C): 48.0
DCU[0]		: Temperature (Sensor junction) (C): 53.0
DCU[0]		: Temperature (Sensor mem) (C): 52.0
======================================================================================
======================================================================================
DCU[0]		: DCU use (%): 0
======================================================================================
======================================================================================
DCU[0]		: vram Total Memory (MiB): 16368
DCU[0]		: vram Total Used Memory (MiB): 10
======================================================================================
=================================== End of SMI Log ===================================

===== HIP/DCU =====
	Command being timed: "./outputfile_dcu"
	User time (seconds): 11.49
	System time (seconds): 0.07
	Percent of CPU this job got: 99%
	Elapsed (wall clock) time (h:mm:ss or m:ss): 0:11.57
	Average shared text size (kbytes): 0
	Average unshared data size (kbytes): 0
	Average stack size (kbytes): 0
	Average total size (kbytes): 0
	Maximum resident set size (kbytes): 173232
	Average resident set size (kbytes): 0
	Major (requiring I/O) page faults: 2
	Minor (reclaiming a frame) page faults: 25020
	Voluntary context switches: 18
	Involuntary context switches: 15
	Swaps: 0
	File system inputs: 0
	File system outputs: 5712
	Socket messages sent: 0
	Socket messages received: 0
	Signals delivered: 0
	Page size (bytes): 4096
	Exit status: 0
===== HIP/DCU (after) =====

============================ System Management Interface =============================
======================================================================================
DCU[0]		: Temperature (Sensor edge) (C): 48.0
DCU[0]		: Temperature (Sensor junction) (C): 53.0
DCU[0]		: Temperature (Sensor mem) (C): 52.0
======================================================================================
======================================================================================
DCU[0]		: DCU use (%): 0
======================================================================================
======================================================================================
DCU[0]		: vram Total Memory (MiB): 16368
DCU[0]		: vram Total Used Memory (MiB): 10
======================================================================================
=================================== End of SMI Log ===================================

===== HIP/DCU (before) =====

============================ System Management Interface =============================
======================================================================================
DCU[0]		: Temperature (Sensor edge) (C): 49.0
DCU[0]		: Temperature (Sensor junction) (C): 53.0
DCU[0]		: Temperature (Sensor mem) (C): 52.0
======================================================================================
======================================================================================
DCU[0]		: DCU use (%): 0
======================================================================================
======================================================================================
DCU[0]		: vram Total Memory (MiB): 16368
DCU[0]		: vram Total Used Memory (MiB): 10
======================================================================================
=================================== End of SMI Log ===================================

===== HIP/DCU =====
Launch params (32, 32, 1) are larger than launch bounds (256) for kernel _Z13matmul_kernelPKdS0_Pdiii please add __launch_bounds__ to kernel define or use --gpu-max-threads-per-block recompile program ! 
	Command being timed: "./outputfile_dcu"
	User time (seconds): 2.17
	System time (seconds): 0.07
	Percent of CPU this job got: 99%
	Elapsed (wall clock) time (h:mm:ss or m:ss): 0:02.25
	Average shared text size (kbytes): 0
	Average unshared data size (kbytes): 0
	Average stack size (kbytes): 0
	Average total size (kbytes): 0
	Maximum resident set size (kbytes): 179352
	Average resident set size (kbytes): 0
	Major (requiring I/O) page faults: 2
	Minor (reclaiming a frame) page faults: 21807
	Voluntary context switches: 17
	Involuntary context switches: 57
	Swaps: 0
	File system inputs: 0
	File system outputs: 5712
	Socket messages sent: 0
	Socket messages received: 0
	Signals delivered: 0
	Page size (bytes): 4096
	Exit status: 0
===== HIP/DCU (after) =====

============================ System Management Interface =============================
======================================================================================
DCU[0]		: Temperature (Sensor edge) (C): 48.0
DCU[0]		: Temperature (Sensor junction) (C): 53.0
DCU[0]		: Temperature (Sensor mem) (C): 52.0
======================================================================================
======================================================================================
DCU[0]		: DCU use (%): 0
======================================================================================
======================================================================================
DCU[0]		: vram Total Memory (MiB): 16368
DCU[0]		: vram Total Used Memory (MiB): 10
======================================================================================
=================================== End of SMI Log ===================================

===== HIP/DCU =====
Launch params (32, 32, 1) are larger than launch bounds (256) for kernel _Z13matmul_kernelPKdS0_Pdiii please add __launch_bounds__ to kernel define or use --gpu-max-threads-per-block recompile program ! 
	Command being timed: "./outputfile_dcu"
	User time (seconds): 2.20
	System time (seconds): 0.06
	Percent of CPU this job got: 99%
	Elapsed (wall clock) time (h:mm:ss or m:ss): 0:02.27
	Average shared text size (kbytes): 0
	Average unshared data size (kbytes): 0
	Average stack size (kbytes): 0
	Average total size (kbytes): 0
	Maximum resident set size (kbytes): 179344
	Average resident set size (kbytes): 0
	Major (requiring I/O) page faults: 1
	Minor (reclaiming a frame) page faults: 21807
	Voluntary context switches: 15
	Involuntary context switches: 60
	Swaps: 0
	File system inputs: 0
	File system outputs: 5712
	Socket messages sent: 0
	Socket messages received: 0
	Signals delivered: 0
	Page size (bytes): 4096
	Exit status: 0
===== HIP/DCU (after) =====

============================ System Management Interface =============================
======================================================================================
DCU[0]		: Temperature (Sensor edge) (C): 49.0
DCU[0]		: Temperature (Sensor junction) (C): 53.0
DCU[0]		: Temperature (Sensor mem) (C): 52.0
======================================================================================
======================================================================================
DCU[0]		: DCU use (%): 0
======================================================================================
======================================================================================
DCU[0]		: vram Total Memory (MiB): 16368
DCU[0]		: vram Total Used Memory (MiB): 10
======================================================================================
=================================== End of SMI Log ===================================








===== HIP/DCU (before) =====

============================ System Management Interface =============================
======================================================================================
DCU[0]		: Temperature (Sensor edge) (C): 49.0
DCU[0]		: Temperature (Sensor junction) (C): 53.0
DCU[0]		: Temperature (Sensor mem) (C): 52.0
======================================================================================
======================================================================================
DCU[0]		: DCU use (%): 0
======================================================================================
======================================================================================
DCU[0]		: vram Total Memory (MiB): 16368
DCU[0]		: vram Total Used Memory (MiB): 10
======================================================================================
=================================== End of SMI Log ===================================

===== HIP/DCU =====
Launch params (32, 32, 1) are larger than launch bounds (256) for kernel _Z13matmul_kernelPKdS0_Pdiii please add __launch_bounds__ to kernel define or use --gpu-max-threads-per-block recompile program ! 
	Command being timed: "./outputfile_dcu_more"
	User time (seconds): 11.70
	System time (seconds): 0.07
	Percent of CPU this job got: 99%
	Elapsed (wall clock) time (h:mm:ss or m:ss): 0:11.79
	Average shared text size (kbytes): 0
	Average unshared data size (kbytes): 0
	Average stack size (kbytes): 0
	Average total size (kbytes): 0
	Maximum resident set size (kbytes): 171216
	Average resident set size (kbytes): 0
	Major (requiring I/O) page faults: 1
	Minor (reclaiming a frame) page faults: 24818
	Voluntary context switches: 17
	Involuntary context switches: 62
	Swaps: 0
	File system inputs: 0
	File system outputs: 5720
	Socket messages sent: 0
	Socket messages received: 0
	Signals delivered: 0
	Page size (bytes): 4096
	Exit status: 0
===== HIP/DCU (after) =====

============================ System Management Interface =============================
======================================================================================
DCU[0]		: Temperature (Sensor edge) (C): 48.0
DCU[0]		: Temperature (Sensor junction) (C): 53.0
DCU[0]		: Temperature (Sensor mem) (C): 52.0
======================================================================================
======================================================================================
DCU[0]		: DCU use (%): 0
======================================================================================
======================================================================================
DCU[0]		: vram Total Memory (MiB): 16368
DCU[0]		: vram Total Used Memory (MiB): 10
======================================================================================
=================================== End of SMI Log ===================================

