\BOOKMARK [1][-]{section.1}{\376\377\230\230\166\356\116\016\225\356\230\230\133\232\116\111}{}% 1
\BOOKMARK [1][-]{section.2}{\376\377\173\227\154\325\213\276\213\241\116\016\133\236\163\260\140\035\215\357}{}% 2
\BOOKMARK [2][-]{subsection.2.1}{\376\377\122\237\200\375\227\000\154\102}{section.2}% 3
\BOOKMARK [2][-]{subsection.2.2}{\376\377\217\223\121\145\217\223\121\372\176\246\133\232}{section.2}% 4
\BOOKMARK [2][-]{subsection.2.3}{\376\377\227\136\154\325\217\223\121\145\131\004\164\006\176\246\133\232}{section.2}% 5
\BOOKMARK [2][-]{subsection.2.4}{\376\377\150\070\137\303\116\343\170\001\162\107\153\265}{section.2}% 6
\BOOKMARK [1][-]{section.3}{\376\377\177\026\172\013\211\304\203\003\213\364\146\016}{}% 7
\BOOKMARK [2][-]{subsection.3.1}{\376\377\116\343\170\001\122\006\147\220}{section.3}% 8
\BOOKMARK [1][-]{section.4}{\376\377\123\357\142\151\134\125\140\047\122\006\147\220}{}% 9
\BOOKMARK [2][-]{subsection.4.1}{\376\377\163\260\147\011\142\151\134\125\140\047}{section.4}% 10
\BOOKMARK [2][-]{subsection.4.2}{\376\377\116\316\145\160\143\156\211\304\152\041\211\322\136\246\166\204\142\151\134\125\140\047}{section.4}% 11
\BOOKMARK [2][-]{subsection.4.3}{\376\377\116\316\227\000\154\102\123\330\123\026\211\322\136\246\166\204\142\151\134\125\140\047}{section.4}% 12
\BOOKMARK [2][-]{subsection.4.4}{\376\377\116\316\165\050\142\067\117\177\165\050\211\322\136\246\166\204\142\151\134\125\140\047}{section.4}% 13
\BOOKMARK [2][-]{subsection.4.5}{\376\377\116\316\217\157\116\366\147\204\136\372\211\322\136\246\166\204\142\151\134\125\140\047}{section.4}% 14
\BOOKMARK [1][-]{section.5}{\376\377\213\276\213\241\123\237\122\031\122\006\147\220}{}% 15
\BOOKMARK [2][-]{subsection.5.1}{\376\377\123\125\116\000\200\114\215\043\123\237\122\031}{section.5}% 16
\BOOKMARK [2][-]{subsection.5.2}{\376\377\137\000\145\076\000-\134\001\225\355\123\237\122\031}{section.5}% 17
\BOOKMARK [1][-]{section.6}{\376\377\225\031\213\357\116\016\137\002\136\070\131\004\164\006}{}% 18
\BOOKMARK [1][-]{section.7}{\376\377\173\227\154\325\131\015\147\102\136\246\122\006\147\220}{}% 19
\BOOKMARK [2][-]{subsection.7.1}{\376\377\147\064\175\040\211\343\154\325}{section.7}% 20
\BOOKMARK [2][-]{subsection.7.2}{\376\377\117\030\123\026\211\343\154\325}{section.7}% 21
\BOOKMARK [2][-]{subsection.7.3}{\376\377\116\044\171\315\211\343\154\325\131\015\147\102\136\246\133\371\153\324}{section.7}% 22
\BOOKMARK [1][-]{section.8}{\376\377\140\047\200\375\122\006\147\220\116\016\117\030\123\026}{}% 23
\BOOKMARK [2][-]{subsection.8.1}{\376\377\117\030\123\026\122\115\166\204\133\236\163\260\140\035\215\357}{section.8}% 24
\BOOKMARK [2][-]{subsection.8.2}{\376\377\140\047\200\375\122\006\147\220}{section.8}% 25
\BOOKMARK [2][-]{subsection.8.3}{\376\377\116\343\170\001\117\030\123\026}{section.8}% 26
\BOOKMARK [2][-]{subsection.8.4}{\376\377\147\011\145\110\140\047\122\006\147\220}{section.8}% 27
\BOOKMARK [2][-]{subsection.8.5}{\376\377\117\030\123\026\176\323\147\234\122\006\147\220}{section.8}% 28
\BOOKMARK [1][-]{section.9}{\376\377\123\125\121\103\155\113\213\325\213\276\213\241}{}% 29
\BOOKMARK [2][-]{subsection.9.1}{\376\377\236\321\166\322\155\113\213\325\213\276\213\241}{section.9}% 30
\BOOKMARK [2][-]{subsection.9.2}{\376\377\166\175\166\322\155\113\213\325\213\276\213\241}{section.9}% 31
\BOOKMARK [2][-]{subsection.9.3}{\376\377\155\113\213\325\165\050\117\213\210\150}{section.9}% 32
\BOOKMARK [1][-]{section.10}{\376\377\155\113\213\325\211\206\166\326\163\207\116\016\220\032\217\307\163\207}{}% 33
\BOOKMARK [1][-]{section.11}{\376\377\177\072\226\167\142\245\124\112}{}% 34
\BOOKMARK [1][-]{section.12}{\376\377\140\073\176\323}{}% 35
