\BOOKMARK [1][-]{section.1}{\376\377\213\304\117\060\200\314\146\157\116\016\166\356\166\204}{}% 1
\BOOKMARK [1][-]{section.2}{\376\377\000I\000S\000O\000/\000I\000E\000C\000\040\0009\0001\0002\0006\000\040\215\050\221\317\152\041\127\213\151\202\217\360}{}% 2
\BOOKMARK [1][-]{section.3}{\376\377\213\304\117\060\145\271\154\325}{}% 3
\BOOKMARK [2][-]{subsection.3.1}{\376\377\213\304\122\006\150\007\121\306}{section.3}% 4
\BOOKMARK [2][-]{subsection.3.2}{\376\377\213\304\117\060\117\341\140\157\147\145\156\220}{section.3}% 5
\BOOKMARK [2][-]{subsection.3.3}{\376\377\213\304\117\060\155\113\213\325\163\257\130\203}{section.3}% 6
\BOOKMARK [1][-]{section.4}{\376\377\143\322\116\366\151\202\217\360}{}% 7
\BOOKMARK [2][-]{subsection.4.1}{\376\377\000i\000C\000i\000t\000y}{section.4}% 8
\BOOKMARK [2][-]{subsection.4.2}{\376\377\000T\000h\000e\000\040\000C\000i\000t\000y\000\040\000G\000e\000n\000e\000r\000a\000t\000o\000r}{section.4}% 9
\BOOKMARK [1][-]{section.5}{\376\377\143\322\116\366\127\372\147\054\122\237\200\375\116\313\176\315}{}% 10
\BOOKMARK [2][-]{subsection.5.1}{\376\377\000i\000C\000i\000t\000y\000\040\143\322\116\366\122\237\200\375\117\177\165\050}{section.5}% 11
\BOOKMARK [3][-]{subsubsection.5.1.1}{\376\377\000i\000C\000i\000t\000y\000\040\165\114\227\142\116\016\122\237\200\375\134\125\171\072}{subsection.5.1}% 12
\BOOKMARK [3][-]{subsubsection.5.1.2}{\376\377\000i\000C\000i\000t\000y\000\040\127\316\136\002\165\037\142\020\123\302\145\160\214\003\202\202\155\113\213\325}{subsection.5.1}% 13
\BOOKMARK [3][-]{subsubsection.5.1.3}{\376\377\000i\000C\000i\000t\000y\000\040\220\123\215\357\174\373\176\337\177\026\217\221\116\016\200\124\122\250\155\113\213\325}{subsection.5.1}% 14
\BOOKMARK [3][-]{subsubsection.5.1.4}{\376\377\000i\000C\000i\000t\000y\000\040\136\372\173\121\165\037\142\020\116\016\134\100\220\350\177\026\217\221\155\113\213\325}{subsection.5.1}% 15
\BOOKMARK [3][-]{subsubsection.5.1.5}{\376\377\000i\000C\000i\000t\000y\000\040\215\104\116\247\136\223\116\016\127\316\136\002\121\103\175\040\142\151\134\125\155\113\213\325}{subsection.5.1}% 16
\BOOKMARK [3][-]{subsubsection.5.1.6}{\376\377\000i\000C\000i\000t\000y\000\040\140\047\200\375\117\030\123\026\116\016\116\343\164\006\152\041\137\017\133\371\153\324\155\113\213\325}{subsection.5.1}% 17
\BOOKMARK [2][-]{subsection.5.2}{\376\377\000C\000i\000t\000y\000G\000e\000n\000e\000r\000a\000t\000o\000r\000\040\143\322\116\366\122\237\200\375\117\177\165\050}{section.5}% 18
\BOOKMARK [3][-]{subsubsection.5.2.1}{\376\377\000C\000i\000t\000y\000G\000e\000n\000e\000r\000a\000t\000o\000r\000\040\165\114\227\142\116\016\122\237\200\375\134\125\171\072}{subsection.5.2}% 19
\BOOKMARK [3][-]{subsubsection.5.2.2}{\376\377\000C\000i\000t\000y\000G\000e\000n\000e\000r\000a\000t\000o\000r\000\040\127\316\136\002\177\121\150\074\116\016\220\123\215\357\165\037\142\020\155\113\213\325}{subsection.5.2}% 20
\BOOKMARK [3][-]{subsubsection.5.2.3}{\376\377\000C\000i\000t\000y\000G\000e\000n\000e\000r\000a\000t\000o\000r\000\040\136\372\173\121\165\037\142\020\116\016\123\302\145\160\214\003\202\202\155\113\213\325}{subsection.5.2}% 21
\BOOKMARK [3][-]{subsubsection.5.2.4}{\376\377\000C\000i\000t\000y\000G\000e\000n\000e\000r\000a\000t\000o\000r\000\040\165\037\142\020\176\323\147\234\123\357\177\026\217\221\140\047\155\113\213\325}{subsection.5.2}% 22
\BOOKMARK [3][-]{subsubsection.5.2.5}{\376\377\000C\000i\000t\000y\000G\000e\000n\000e\000r\000a\000t\000o\000r\000\040\140\047\200\375\116\016\165\037\142\020\145\110\163\207\155\113\213\325}{subsection.5.2}% 23
\BOOKMARK [2][-]{subsection.5.3}{\376\377\122\237\200\375\117\177\165\050\134\017\176\323}{section.5}% 24
\BOOKMARK [1][-]{section.6}{\376\377\000P\000C\000G\000\040\173\227\154\325\122\006\147\220}{}% 25
\BOOKMARK [2][-]{subsection.6.1}{\376\377\000i\000C\000i\000t\000y\000\040\166\204\000\040\000P\000C\000G\000\040\173\227\154\325\133\236\163\260}{section.6}% 26
\BOOKMARK [2][-]{subsection.6.2}{\376\377\000T\000h\000e\000\040\000C\000i\000t\000y\000\040\000G\000e\000n\000e\000r\000a\000t\000o\000r\000\040\166\204\000\040\000P\000C\000G\000\040\173\227\154\325\133\236\163\260}{section.6}% 27
\BOOKMARK [1][-]{section.7}{\376\377\213\346\176\306\133\371\153\324\122\006\147\220}{}% 28
\BOOKMARK [2][-]{subsection.7.1}{\376\377\122\237\200\375\140\047\133\371\153\324}{section.7}% 29
\BOOKMARK [2][-]{subsection.7.2}{\376\377\123\357\227\140\140\047\133\371\153\324}{section.7}% 30
\BOOKMARK [2][-]{subsection.7.3}{\376\377\146\023\165\050\140\047\133\371\153\324}{section.7}% 31
\BOOKMARK [2][-]{subsection.7.4}{\376\377\145\110\163\207\133\371\153\324}{section.7}% 32
\BOOKMARK [2][-]{subsection.7.5}{\376\377\176\364\142\244\140\047\133\371\153\324}{section.7}% 33
\BOOKMARK [2][-]{subsection.7.6}{\376\377\123\357\171\373\151\015\140\047\133\371\153\324}{section.7}% 34
\BOOKMARK [1][-]{section.8}{\376\377\176\374\124\010\133\371\153\324}{}% 35
\BOOKMARK [1][-]{section.9}{\376\377\213\304\117\060\176\323\213\272\116\016\136\372\213\256}{}% 36
\BOOKMARK [1][-]{section.9}{\376\377\123\302\200\003\145\207\163\056}{}% 37
