\BOOKMARK [1][-]{section.1}{\376\377\133\236\232\214\166\356\166\204}{}% 1
\BOOKMARK [1][-]{section.2}{\376\377\133\236\232\214\213\276\177\156}{}% 2
\BOOKMARK [1][-]{section.3}{\376\377\213\304\117\060\143\007\150\007}{}% 3
\BOOKMARK [1][-]{section.4}{\376\377\152\041\127\213\176\323\147\204\213\276\213\241}{}% 4
\BOOKMARK [2][-]{subsection.4.1}{\376\377\123\237\131\313\121\150\217\336\143\245\000\040\000G\000A\000N}{section.4}% 5
\BOOKMARK [2][-]{subsection.4.2}{\376\377\122\240\155\361\121\150\217\336\143\245\000\040\000G\000A\000N}{section.4}% 6
\BOOKMARK [2][-]{subsection.4.3}{\376\377\123\167\171\357\162\110\000\040\000D\000C\000G\000A\000N}{section.4}% 7
\BOOKMARK [2][-]{subsection.4.4}{\376\377\177\121\176\334\176\323\147\204\142\123\123\160\176\323\147\234}{section.4}% 8
\BOOKMARK [1][-]{section.5}{\376\377\133\236\232\214\176\323\147\234\122\006\147\220}{}% 9
\BOOKMARK [2][-]{subsection.5.1}{\376\377\133\146\116\140\163\207\142\153\143\317}{section.5}% 10
\BOOKMARK [2][-]{subsection.5.2}{\376\377\147\000\176\310\152\041\127\213\176\374\124\010\140\047\200\375\133\371\153\324}{section.5}% 11
\BOOKMARK [2][-]{subsection.5.3}{\376\377\213\255\176\303\000\040\000l\000o\000s\000s\000\040\116\016\000\040\000F\000I\000D\000\040\146\362\176\277}{section.5}% 12
\BOOKMARK [2][-]{subsection.5.4}{\376\377\213\255\176\303\217\156\145\160\166\204\137\161\124\315}{section.5}% 13
\BOOKMARK [2][-]{subsection.5.5}{\376\377\126\372\133\232\126\152\130\360\165\037\142\020\150\067\117\213\377\010\0008\000\040\137\040\377\011}{section.5}% 14
\BOOKMARK [2][-]{subsection.5.6}{\376\377\116\011\171\315\177\121\176\334\165\037\142\020\215\050\221\317\135\356\137\002\122\006\147\220}{section.5}% 15
\BOOKMARK [1][-]{section.6}{\376\377\226\220\123\330\221\317\142\160\122\250\133\371\165\037\142\020\176\323\147\234\166\204\137\161\124\315}{}% 16
\BOOKMARK [2][-]{subsection.6.1}{\376\377\122\006\147\220\145\271\154\325}{section.6}% 17
\BOOKMARK [2][-]{subsection.6.2}{\376\377\142\160\122\250\163\260\214\141\116\016\211\343\221\312}{section.6}% 18
\BOOKMARK [1][-]{section.7}{\376\377\217\333\226\066\122\006\147\220}{}% 19
\BOOKMARK [2][-]{subsection.7.1}{\376\377\157\134\172\172\225\364\143\322\120\074}{section.7}% 20
\BOOKMARK [2][-]{subsection.7.2}{\376\377\165\037\142\020\131\032\150\067\140\047\116\016\152\041\137\017\135\051\156\203}{section.7}% 21
\BOOKMARK [2][-]{subsection.7.3}{\376\377\147\000\217\321\220\273\217\307\142\337\124\010\150\300\232\214}{section.7}% 22
\BOOKMARK [2][-]{subsection.7.4}{\376\377\122\044\122\053\126\150\162\171\137\201\166\204\210\150\171\072\133\146\116\140\200\375\122\233}{section.7}% 23
\BOOKMARK [1][-]{section.8}{\376\377\133\236\232\214\176\323\213\272}{}% 24
\BOOKMARK [1][-]{appendix.A}{\376\377\213\255\176\303\213\312\145\255\116\016\117\030\123\026}{}% 25
\BOOKMARK [1][-]{appendix.B}{\376\377\213\304\117\060\143\007\150\007\166\204\143\242\175\042\217\307\172\013}{}% 26
\BOOKMARK [1][-]{appendix.C}{\376\377\131\032\150\067\140\047\213\304\117\060\142\100\165\050\166\204\000\040\000F\000a\000s\000h\000i\000o\000n\000M\000N\000I\000S\000T\000\040\122\006\174\173\126\150}{}% 27
\BOOKMARK [1][-]{appendix.D}{\376\377\177\121\176\334\176\323\147\204\166\204\133\214\145\164\000\040\000p\000r\000i\000n\000t\000\050\000n\000e\000t\000\051\000\040\217\223\121\372}{}% 28
\BOOKMARK [1][-]{appendix.E}{\376\377\116\343\170\001\166\356\137\125\213\364\146\016}{}% 29
