\BOOKMARK [1][-]{section.1}{\376\377\133\236\232\214\166\356\166\204}{}% 1
\BOOKMARK [1][-]{section.2}{\376\377\133\236\232\214\213\276\177\156}{}% 2
\BOOKMARK [2][-]{subsection.2.1}{\376\377\145\160\143\156\226\306\116\016\116\373\122\241}{section.2}% 3
\BOOKMARK [2][-]{subsection.2.2}{\376\377\176\337\116\000\133\236\232\214\213\276\177\156}{section.2}% 4
\BOOKMARK [2][-]{subsection.2.3}{\376\377\213\304\116\367\143\007\150\007}{section.2}% 5
\BOOKMARK [1][-]{section.3}{\376\377\152\041\127\213\176\323\147\204\213\276\213\241}{}% 6
\BOOKMARK [2][-]{subsection.3.1}{\376\377\176\257\000\040\000R\000N\000N\000\040\000S\000e\000q\0002\000S\000e\000q}{section.3}% 7
\BOOKMARK [2][-]{subsection.3.2}{\376\377\000B\000a\000h\000d\000a\000n\000a\000u\000\040\000A\000t\000t\000e\000n\000t\000i\000o\000n}{section.3}% 8
\BOOKMARK [2][-]{subsection.3.3}{\376\377\000L\000u\000o\000n\000g\000\040\000A\000t\000t\000e\000n\000t\000i\000o\000n}{section.3}% 9
\BOOKMARK [2][-]{subsection.3.4}{\376\377\000S\000c\000h\000e\000d\000u\000l\000e\000d\000\040\000S\000a\000m\000p\000l\000i\000n\000g}{section.3}% 10
\BOOKMARK [2][-]{subsection.3.5}{\376\377\177\121\176\334\176\323\147\204\142\123\123\160\176\323\147\234}{section.3}% 11
\BOOKMARK [1][-]{section.4}{\376\377\133\236\232\214\176\323\147\234\122\006\147\220}{}% 12
\BOOKMARK [2][-]{subsection.4.1}{\376\377\116\073\133\236\232\214\377\032\116\011\171\315\152\041\127\213\133\371\153\324}{section.4}% 13
\BOOKMARK [2][-]{subsection.4.2}{\376\377\213\255\176\303\217\307\172\013\146\362\176\277}{section.4}% 14
\BOOKMARK [2][-]{subsection.4.3}{\376\377\225\177\136\246\122\006\150\166\122\006\147\220}{section.4}% 15
\BOOKMARK [2][-]{subsection.4.4}{\376\377\154\350\141\017\122\233\123\357\211\306\123\026\122\006\147\220}{section.4}% 16
\BOOKMARK [2][-]{subsection.4.5}{\376\377\142\151\134\125\133\236\232\214\377\032\000S\000c\000h\000e\000d\000u\000l\000e\000d\000\040\000S\000a\000m\000p\000l\000i\000n\000g}{section.4}% 17
\BOOKMARK [2][-]{subsection.4.6}{\376\377\142\151\134\125\133\236\232\214\377\032\000L\000u\000o\000n\000g\000\040\116\015\124\014\142\123\122\006\145\271\154\325\153\324\217\203}{section.4}% 18
\BOOKMARK [2][-]{subsection.4.7}{\376\377\116\072\116\300\116\110\154\350\141\017\122\233\147\072\122\066\147\011\145\110}{section.4}% 19
\BOOKMARK [2][-]{subsection.4.8}{\376\377\000B\000a\000h\000d\000a\000n\000a\000u\000\040\116\016\000\040\000L\000u\000o\000n\000g\000\040\166\204\135\356\137\002}{section.4}% 20
\BOOKMARK [1][-]{section.5}{\376\377\133\236\232\214\137\303\137\227}{}% 21
\BOOKMARK [1][-]{appendix.A}{\376\377\116\343\170\001\166\356\137\125\213\364\146\016}{}% 22
