\BOOKMARK [1][-]{section.1}{\376\377\133\236\232\214\166\356\166\204}{}% 1
\BOOKMARK [1][-]{section.2}{\376\377\133\236\232\214\213\276\177\156}{}% 2
\BOOKMARK [1][-]{section.3}{\376\377\152\041\127\213\176\323\147\204\213\276\213\241}{}% 3
\BOOKMARK [2][-]{subsection.3.1}{\376\377\123\237\131\313\000\040\000C\000N\000N}{section.3}% 4
\BOOKMARK [2][-]{subsection.3.2}{\376\377\000R\000e\000s\000N\000e\000t}{section.3}% 5
\BOOKMARK [2][-]{subsection.3.3}{\376\377\000D\000e\000n\000s\000e\000N\000e\000t}{section.3}% 6
\BOOKMARK [2][-]{subsection.3.4}{\376\377\000M\000o\000b\000i\000l\000e\000N\000e\000t}{section.3}% 7
\BOOKMARK [2][-]{subsection.3.5}{\376\377\000R\000e\000s\0002\000N\000e\000t\377\010\142\151\134\125\377\011}{section.3}% 8
\BOOKMARK [2][-]{subsection.3.6}{\376\377\177\121\176\334\176\323\147\204\142\123\123\160\176\323\147\234}{section.3}% 9
\BOOKMARK [1][-]{section.4}{\376\377\133\236\232\214\176\323\147\234\122\006\147\220}{}% 10
\BOOKMARK [2][-]{subsection.4.1}{\376\377\133\146\116\140\163\207\144\034\175\042\176\323\147\234}{section.4}% 11
\BOOKMARK [2][-]{subsection.4.2}{\376\377\152\041\127\213\176\374\124\010\140\047\200\375\133\371\153\324}{section.4}% 12
\BOOKMARK [2][-]{subsection.4.3}{\376\377\124\004\152\041\127\213\213\255\176\303\146\362\176\277}{section.4}% 13
\BOOKMARK [2][-]{subsection.4.4}{\376\377\174\173\122\053\121\306\170\156\163\207\122\006\147\220}{section.4}% 14
\BOOKMARK [2][-]{subsection.4.5}{\376\377\116\015\124\014\123\167\171\357\177\121\176\334\213\255\176\303\217\307\172\013\135\356\137\002\122\006\147\220}{section.4}% 15
\BOOKMARK [2][-]{subsection.4.6}{\376\377\133\146\116\140\163\207\145\117\141\037\140\047\116\016\154\333\123\026\172\063\133\232\140\047\210\145\121\105\122\006\147\220}{section.4}% 16
\BOOKMARK [2][-]{subsection.4.7}{\376\377\000R\000e\000s\0002\000N\000e\000t\000\040\116\016\121\166\116\326\177\121\176\334\166\204\117\030\177\072\160\271\122\006\147\220}{section.4}% 17
\BOOKMARK [2][-]{subsection.4.8}{\376\377\174\173\157\300\155\073\146\040\134\004\123\357\211\306\123\026\122\006\147\220}{section.4}% 18
\BOOKMARK [1][-]{section.5}{\376\377\133\236\232\214\176\323\213\272}{}% 19
\BOOKMARK [1][-]{appendix.A}{\376\377\116\343\170\001\166\356\137\125\213\364\146\016}{}% 20
