\BOOKMARK [1][-]{section.1}{\376\377\151\202\217\360}{}% 1
\BOOKMARK [1][-]{section.2}{\376\377\133\236\232\214\166\356\166\204}{}% 2
\BOOKMARK [1][-]{section.3}{\376\377\133\236\232\214\121\205\133\271}{}% 3
\BOOKMARK [1][-]{section.4}{\376\377\127\050\000\040\000N\000E\000M\000U\000\040\116\055\133\236\163\260\122\006\230\165\170\154\116\366\147\072\122\066}{}% 4
\BOOKMARK [2][-]{subsection.4.1}{\376\377\122\240\121\145\000\040\000C\000R\0000\000/\000C\000R\0003\000\040\116\016\122\006\230\165\166\370\121\163\162\266\140\001}{section.4}% 5
\BOOKMARK [2][-]{subsection.4.2}{\376\377\133\236\163\260\000\040\000p\000a\000g\000e\000\137\000t\000r\000a\000n\000s\000l\000a\000t\000e\000\050\000\051\000\040\124\214\122\006\230\165\213\277\133\130}{section.4}% 6
\BOOKMARK [2][-]{subsection.4.3}{\376\377\121\163\225\056\213\244\213\306}{section.4}% 7
\BOOKMARK [1][-]{section.5}{\376\377\136\372\172\313\127\060\127\100\172\172\225\364\136\166\213\251\165\050\142\067\172\013\136\217\217\320\210\114\127\050\122\006\230\165\147\072\122\066\116\012}{}% 8
\BOOKMARK [2][-]{subsection.5.1}{\376\377\142\123\137\000\000\040\000H\000A\000S\000\137\000P\000T\000E\000\040\116\016\136\372\172\313\121\205\150\070\230\165\210\150}{section.5}% 9
\BOOKMARK [2][-]{subsection.5.2}{\376\377\133\236\163\260\000\040\000\137\000m\000a\000p\000\050\000\051\000\040\116\016\143\011\230\165\136\372\172\313\146\040\134\004}{section.5}% 10
\BOOKMARK [2][-]{subsection.5.3}{\376\377\142\212\000\040\000l\000o\000a\000d\000e\000r\000\050\000\051\000\040\145\071\142\020\143\011\230\165\122\240\217\175}{section.5}% 11
\BOOKMARK [2][-]{subsection.5.4}{\376\377\117\356\131\015\000\040\000m\000m\000\137\000b\000r\000k\000\050\000\051\000\040\116\016\130\006\123\072\146\040\134\004}{section.5}% 12
\BOOKMARK [2][-]{subsection.5.5}{\376\377\116\072\116\300\116\110\137\305\230\173\142\212\165\050\142\067\172\013\136\217\121\145\123\343\145\071\122\060\000\040\0000\000x\0008\0000\0004\0008\0000\0000\0000}{section.5}% 13
\BOOKMARK [1][-]{section.6}{\376\377\116\012\116\013\145\207\122\007\143\142\060\001\145\366\224\237\116\055\145\255\116\016\167\037\153\143\166\204\122\006\145\366\131\032\116\373\122\241}{}% 14
\BOOKMARK [2][-]{subsection.6.1}{\376\377\147\204\220\040\145\260\217\333\172\013\122\035\131\313\163\260\127\072\377\032\000\137\000u\000m\000a\000k\000e\000\050\000\051}{section.6}% 15
\BOOKMARK [2][-]{subsection.6.2}{\376\377\133\236\163\260\000\040\000s\000c\000h\000e\000d\000u\000l\000e\000\050\000\051\000\040\116\016\000\040\000t\000r\000a\000p\000.\000S\000\040\116\055\166\204\122\007\150\010\140\142\131\015}{section.6}% 16
\BOOKMARK [2][-]{subsection.6.3}{\376\377\122\240\121\145\145\366\224\237\116\055\145\255\377\014\136\372\172\313\142\242\123\140\137\017\214\003\136\246}{section.6}% 17
\BOOKMARK [2][-]{subsection.6.4}{\376\377\232\214\213\301\000\040\000p\000a\000l\000\040\000+\000\040\000h\000e\000l\000l\000o\000\040\166\204\122\006\145\366\217\320\210\114}{section.6}% 18
\BOOKMARK [2][-]{subsection.6.5}{\376\377\122\240\121\145\117\030\121\110\176\247\214\003\136\246\377\014\226\115\117\116\000\040\000h\000e\000l\000l\000o\000\040\133\371\126\376\137\142\172\013\136\217\140\047\200\375\166\204\137\161\124\315}{section.6}% 19
\BOOKMARK [1][-]{section.7}{\376\377\134\125\171\072\122\237\200\375\133\214\125\204}{}% 20
\BOOKMARK [2][-]{subsection.7.1}{\376\377\122\240\217\175\000\040\000v\000i\000d\000e\000o\000t\000e\000s\000t\000\040\136\166\133\236\163\260\000\040\000F\0001\0002\000\040\122\007\143\142}{section.7}% 21
\BOOKMARK [1][-]{section.8}{\376\377\137\305\173\124\230\230\116\016\122\006\147\220}{}% 22
\BOOKMARK [2][-]{subsection.8.1}{\376\377\122\006\230\165\147\072\122\066\124\214\170\154\116\366\116\055\145\255\146\057\131\202\117\125\121\161\124\014\145\057\144\221\000\040\000p\000a\000l\000\040\116\016\000\040\000h\000e\000l\000l\000o\000\040\122\006\145\366\217\320\210\114\166\204}{section.8}% 23
\BOOKMARK [3][-]{subsubsection.8.1.1}{\376\377\122\006\230\165\147\072\122\066\215\037\215\043\226\224\171\273\127\060\127\100\172\172\225\364}{subsection.8.1}% 24
\BOOKMARK [3][-]{subsubsection.8.1.2}{\376\377\170\154\116\366\116\055\145\255\215\037\215\043\142\212\000\040\000C\000P\000U\000\040\116\316\137\123\122\115\217\333\172\013\142\113\221\314\142\242\126\336\147\145}{subsection.8.1}% 25
\BOOKMARK [3][-]{subsubsection.8.1.3}{\376\377\116\012\116\013\145\207\122\007\143\142\142\212\116\044\200\005\167\037\153\143\217\336\215\167\147\145}{subsection.8.1}% 26
\BOOKMARK [3][-]{subsubsection.8.1.4}{\376\377\116\072\116\300\116\110\116\044\200\005\177\072\116\000\116\015\123\357}{subsection.8.1}% 27
\BOOKMARK [3][-]{subsubsection.8.1.5}{\376\377\176\323\124\010\147\054\153\041\217\320\210\114\163\260\214\141\166\204\232\214\213\301}{subsection.8.1}% 28
\BOOKMARK [1][-]{section.9}{\376\377\140\035\200\003}{}% 29
\BOOKMARK [2][-]{subsection.9.1}{\376\377\116\072\116\300\116\110\230\165\210\150\230\171\116\055\166\204\127\372\127\060\127\100\123\352\147\011\000\040\0002\0000\000\040\117\115}{section.9}% 30
\BOOKMARK [2][-]{subsection.9.2}{\376\377\230\165\210\150\116\055\166\204\127\372\127\060\127\100\116\072\116\300\116\110\137\305\230\173\146\057\162\151\164\006\127\060\127\100}{section.9}% 31
\BOOKMARK [2][-]{subsection.9.3}{\376\377\116\072\116\300\116\110\116\015\221\307\165\050\116\000\176\247\230\165\210\150}{section.9}% 32
\BOOKMARK [2][-]{subsection.9.4}{\376\377\142\367\215\035\121\205\150\070\146\040\134\004\116\072\116\300\116\110\116\015\200\375\167\001\165\145}{section.9}% 33
\BOOKMARK [2][-]{subsection.9.5}{\376\377\116\072\116\300\116\110\122\006\230\165\147\072\122\066\116\013\000\040\000m\000m\000\137\000b\000r\000k\000\050\000\051\000\040\137\305\230\173\167\037\133\236\210\145\230\165\146\040\134\004}{section.9}% 34
\BOOKMARK [2][-]{subsection.9.6}{\376\377\172\172\143\007\224\210\167\037\166\204\146\057\172\172\166\204\124\027}{section.9}% 35
\BOOKMARK [2][-]{subsection.9.7}{\376\377\131\202\147\234\116\055\145\255\117\341\140\157\140\073\146\057\126\372\133\232\121\231\122\060\124\014\116\000\127\127\121\205\133\130\377\014\117\032\123\321\165\037\116\300\116\110\124\016\147\234}{section.9}% 36
\BOOKMARK [1][-]{section.10}{\376\377\133\236\232\214\217\307\172\013\116\055\220\107\122\060\166\204\225\356\230\230\116\016\211\343\121\263\145\271\154\325}{}% 37
\BOOKMARK [2][-]{subsection.10.1}{\376\377\122\006\230\165\137\000\116\206\116\015\116\343\210\150\165\050\142\067\172\013\136\217\134\061\167\037\166\204\142\345\147\011\116\206\162\354\172\313\127\060\127\100\172\172\225\364}{section.10}% 38
\BOOKMARK [2][-]{subsection.10.2}{\376\377\145\260\230\165\116\015\156\005\226\366\117\032\137\025\121\372\137\210\131\032\227\136\136\070\226\220\205\075\166\204\225\356\230\230}{section.10}% 39
\BOOKMARK [2][-]{subsection.10.3}{\376\377\116\012\116\013\145\207\122\007\143\142\147\000\121\163\225\056\166\204\116\000\153\145\146\057\122\007\150\010}{section.10}% 40
\BOOKMARK [1][-]{section.11}{\376\377\140\073\176\323}{}% 41
