\BOOKMARK [1][-]{section.1}{\376\377\151\202\217\360}{}% 1
\BOOKMARK [1][-]{section.2}{\376\377\133\236\232\214\166\356\166\204}{}% 2
\BOOKMARK [1][-]{section.3}{\376\377\133\236\232\214\121\205\133\271}{}% 3
\BOOKMARK [1][-]{section.4}{\376\377\133\236\163\260\155\156\160\271\145\160\136\166\133\214\142\020\142\030\145\227\232\214\213\301}{}% 4
\BOOKMARK [2][-]{subsection.4.1}{\376\377\133\232\117\115\000\040\000P\000A\0005\000\040\227\000\211\201\210\145\166\204\116\343\170\001}{section.4}% 5
\BOOKMARK [2][-]{subsection.4.2}{\376\377\133\236\163\260\000\040\000b\000i\000n\000a\000r\000y\000\040\000s\000c\000a\000l\000i\000n\000g\000\040\166\204\127\372\170\100\143\245\123\343}{section.4}% 6
\BOOKMARK [2][-]{subsection.4.3}{\376\377\133\236\163\260\000\040\000F\000\137\000m\000u\000l\000\137\000F\000\050\000\051\060\001\000F\000\137\000d\000i\000v\000\137\000F\000\050\000\051\060\001\000f\0002\000F\000\050\000\051\000\040\124\214\000\040\000F\000a\000b\000s\000\050\000\051}{section.4}% 7
\BOOKMARK [2][-]{subsection.4.4}{\376\377\131\004\164\006\116\055\220\024\121\372\163\260\166\204\000\040\000\137\000\137\000d\000i\000v\000d\000i\0003\000\040\224\376\143\245\225\356\230\230}{section.4}% 8
\BOOKMARK [2][-]{subsection.4.5}{\376\377\147\054\127\060\145\160\120\074\232\214\213\301}{section.4}% 9
\BOOKMARK [2][-]{subsection.4.6}{\376\377\210\145\237\120\000\040\000F\000L\000O\000A\000T\000\040\215\357\137\204\116\012\146\264\227\062\166\204\147\052\133\236\163\260\143\007\116\344}{section.4}% 10
\BOOKMARK [2][-]{subsection.4.7}{\376\377\217\334\172\357\232\214\213\301\116\016\142\030\145\227\142\052\126\376}{section.4}% 11
\BOOKMARK [1][-]{section.5}{\376\377\000p\000e\000r\000f\000\040\122\006\147\220\116\016\134\100\220\350\140\047\200\375\117\030\123\026}{}% 12
\BOOKMARK [2][-]{subsection.5.1}{\376\377\116\072\116\300\116\110\137\000\131\313\120\132\140\047\200\375\122\006\147\220}{section.5}% 13
\BOOKMARK [2][-]{subsection.5.2}{\376\377\173\054\116\000\217\156\000\040\000p\000e\000r\000f\000\040\221\307\150\067\145\271\154\325}{section.5}% 14
\BOOKMARK [2][-]{subsection.5.3}{\376\377\173\054\116\000\217\156\160\355\160\271\122\006\147\220\176\323\147\234}{section.5}% 15
\BOOKMARK [2][-]{subsection.5.4}{\376\377\126\364\176\325\160\355\160\271\120\132\166\204\134\100\220\350\117\030\123\026}{section.5}% 16
\BOOKMARK [2][-]{subsection.5.5}{\376\377\134\100\220\350\117\030\123\026\122\115\124\016\166\204\000\040\000p\000e\000r\000f\000\040\133\371\153\324}{section.5}% 17
\BOOKMARK [2][-]{subsection.5.6}{\376\377\121\150\122\035\131\313\123\026\226\066\153\265\166\204\000\040\000o\000p\000c\000o\000d\000e\000\040\230\221\163\207\176\337\213\241}{section.5}% 18
\BOOKMARK [2][-]{subsection.5.7}{\376\377\137\123\122\115\164\366\230\210\140\073\176\323}{section.5}% 19
\BOOKMARK [1][-]{section.6}{\376\377\000T\000B\000\040\123\237\127\213\133\236\163\260\116\016\145\110\147\234\232\214\213\301}{}% 20
\BOOKMARK [2][-]{subsection.6.1}{\376\377\000W\000h\000a\000t\000\040\000i\000s\000\040\000T\000B\377\037}{section.6}% 21
\BOOKMARK [2][-]{subsection.6.2}{\376\377\000T\000B\000\040\166\204\145\160\143\156\176\323\147\204\116\016\142\147\210\114\155\101\172\013}{section.6}% 22
\BOOKMARK [2][-]{subsection.6.3}{\376\377\000T\000B\000\040\166\204\232\214\213\301\145\271\154\325}{section.6}% 23
\BOOKMARK [2][-]{subsection.6.4}{\376\377\000T\000B\000\040\166\204\124\036\124\020\221\317\155\113\213\325\176\323\147\234}{section.6}% 24
\BOOKMARK [2][-]{subsection.6.5}{\376\377\000T\000B\000\040\226\066\153\265\166\204\000\040\000p\000e\000r\000f\000\040\123\330\123\026}{section.6}% 25
\BOOKMARK [2][-]{subsection.6.6}{\376\377\000T\000B\000\040\131\047\134\017\143\242\172\166}{section.6}% 26
\BOOKMARK [2][-]{subsection.6.7}{\376\377\000T\000B\000\040\226\066\153\265\176\323\213\272}{section.6}% 27
\BOOKMARK [1][-]{section.7}{\376\377\000J\000I\000T\000\040\134\035\213\325\133\236\163\260\123\312\122\006\147\220}{}% 28
\BOOKMARK [2][-]{subsection.7.1}{\376\377\116\300\116\110\146\057\000\040\000J\000I\000T}{section.7}% 29
\BOOKMARK [2][-]{subsection.7.2}{\376\377\000J\000I\000T\000\040\166\204\133\236\163\260}{section.7}% 30
\BOOKMARK [2][-]{subsection.7.3}{\376\377\147\000\134\017\000\040\000J\000I\000T\000\040\154\231\166\322\155\113\213\325}{section.7}% 31
\BOOKMARK [2][-]{subsection.7.4}{\376\377\000j\000i\000t\000m\000i\000n\000i\000\040\116\012\166\204\123\327\143\247\000\040\000b\000e\000n\000c\000h\000m\000a\000r\000k}{section.7}% 32
\BOOKMARK [2][-]{subsection.7.5}{\376\377\127\050\000p\000a\000l\116\012\155\113\213\325\000J\000I\000T}{section.7}% 33
\BOOKMARK [2][-]{subsection.7.6}{\376\377\220\020\153\145\142\151\131\047\145\057\143\001\166\204\143\007\116\344}{section.7}% 34
\BOOKMARK [2][-]{subsection.7.7}{\376\377\124\175\116\055\176\337\213\241\116\016\124\036\124\020\221\317\123\330\123\026}{section.7}% 35
\BOOKMARK [2][-]{subsection.7.8}{\376\377\000J\000I\000T\000\040\226\066\153\265\166\204\000\040\000p\000e\000r\000f\000\040\123\330\123\026}{section.7}% 36
\BOOKMARK [2][-]{subsection.7.9}{\376\377\116\072\116\300\116\110\000\040\000J\000I\000T\000\040\145\066\166\312\116\015\232\330\377\014\165\032\201\363\127\050\225\177\215\321\116\055\141\142\116\216\000\040\000T\000B}{section.7}% 37
\BOOKMARK [2][-]{subsection.7.10}{\376\377\137\123\122\115\000\040\000J\000I\000T\000\040\166\204\133\232\117\115}{section.7}% 38
\BOOKMARK [1][-]{section.8}{\376\377\140\035\200\003}{}% 39
\BOOKMARK [2][-]{subsection.8.1}{\376\377\116\072\116\300\116\110\211\343\221\312\142\147\210\114\117\032\141\142\377\014\116\345\123\312\116\072\116\300\116\110\120\074\137\227\176\347\176\355\120\132\000\040\000T\000B\000/\000J\000I\000T}{section.8}% 40
\BOOKMARK [2][-]{subsection.8.2}{\376\377\116\072\116\300\116\110\000\040\000F\000L\000O\000A\000T\000\040\116\015\166\364\143\245\117\177\165\050\167\037\133\236\000\040\000f\000l\000o\000a\000t}{section.8}% 41
\BOOKMARK [2][-]{subsection.8.3}{\376\377\116\072\116\300\116\110\160\355\160\271\117\032\225\177\147\037\120\134\165\131\127\050\213\277\133\130\224\376}{section.8}% 42
\BOOKMARK [2][-]{subsection.8.4}{\376\377\116\072\116\300\116\110\116\000\116\052\000\040\000T\000B\000\040\116\015\136\224\213\345\123\352\133\371\136\224\116\000\147\141\133\242\142\067\143\007\116\344}{section.8}% 43
\BOOKMARK [2][-]{subsection.8.5}{\376\377\116\072\116\300\116\110\000\040\000h\000e\000l\000p\000e\000r\000\040\137\017\000\040\000J\000I\000T\000\040\145\066\166\312\117\032\136\163\123\360\123\026}{section.8}% 44
\BOOKMARK [1][-]{section.9}{\376\377\133\236\232\214\217\307\172\013\116\055\220\107\122\060\166\204\225\356\230\230\116\016\211\343\121\263\145\271\154\325}{}% 45
\BOOKMARK [1][-]{section.10}{\376\377\140\073\176\323}{}% 46
