\BOOKMARK [1][-]{section.1}{\376\377\133\236\232\214\211\201\154\102}{}% 1
\BOOKMARK [1][-]{section.2}{\376\377\133\236\232\214\123\237\164\006}{}% 2
\BOOKMARK [2][-]{subsection.2.1}{\376\377\133\236\232\214\200\314\146\157}{section.2}% 3
\BOOKMARK [2][-]{subsection.2.2}{\376\377\226\366\167\345\213\306\213\301\146\016\166\204\127\372\147\054\140\047\215\050}{section.2}% 4
\BOOKMARK [2][-]{subsection.2.3}{\376\377\116\316\142\177\213\372\137\000\131\313\164\006\211\343\213\301\146\016\123\237\164\006}{section.2}% 5
\BOOKMARK [2][-]{subsection.2.4}{\376\377\227\136\116\244\116\222\123\026\131\004\164\006}{section.2}% 6
\BOOKMARK [2][-]{subsection.2.5}{\376\377\217\333\226\066\133\236\232\214\123\237\164\006\377\032\127\372\116\216\000l\000i\000b\000s\000n\000a\000r\000k\166\204\220\032\165\050\226\366\167\345\213\306\213\301\146\016}{section.2}% 7
\BOOKMARK [3][-]{subsubsection.2.5.1}{\376\377\176\246\147\137\174\373\176\337\166\204\147\204\220\040}{subsection.2.5}% 8
\BOOKMARK [3][-]{subsubsection.2.5.2}{\376\377\000R\0001\000C\000S\116\016\000z\000k\000S\000N\000A\000R\000K\155\101\172\013}{subsection.2.5}% 9
\BOOKMARK [1][-]{section.3}{\376\377\133\236\232\214\217\307\172\013}{}% 10
\BOOKMARK [2][-]{subsection.3.1}{\376\377\133\236\232\214\163\257\130\203}{section.3}% 11
\BOOKMARK [2][-]{subsection.3.2}{\376\377\133\236\232\214\123\302\145\160}{section.3}% 12
\BOOKMARK [2][-]{subsection.3.3}{\376\377\133\236\232\214\152\041\142\337\153\145\232\244\000\040\000\046\000\046\000\040\150\070\137\303\116\343\170\001\122\006\147\220}{section.3}% 13
\BOOKMARK [3][-]{subsubsection.3.3.1}{\376\377\153\145\232\244\116\000\377\032\232\214\213\301\121\154\121\161\145\271\172\013\136\166\170\156\133\232\000\040\000w\000i\000t\000n\000e\000s\000s}{subsection.3.3}% 14
\BOOKMARK [3][-]{subsubsection.3.3.2}{\376\377\153\145\232\244\116\214\377\032\165\037\142\020\121\154\137\000\226\110\217\360}{subsection.3.3}% 15
\BOOKMARK [3][-]{subsubsection.3.3.3}{\376\377\153\145\232\244\116\011\377\032\152\041\142\337\142\177\213\372\060\001\143\021\142\030\116\016\124\315\136\224}{subsection.3.3}% 16
\BOOKMARK [3][-]{subsubsection.3.3.4}{\376\377\153\145\232\244\126\333\377\032\232\214\213\301\213\301\146\016}{subsection.3.3}% 17
\BOOKMARK [2][-]{subsection.3.4}{\376\377\172\013\136\217\217\320\210\114\176\323\147\234}{section.3}% 18
\BOOKMARK [2][-]{subsection.3.5}{\376\377\217\333\226\066\133\236\232\214\377\032\000l\000i\000b\000s\000n\000a\000r\000k\133\236\163\260\152\041\142\337\217\307\172\013}{section.3}% 19
\BOOKMARK [3][-]{subsubsection.3.5.1}{\376\377\153\145\232\244\116\000\377\032\147\204\220\040\000R\0001\000C\000S\176\246\147\137\174\373\176\337}{subsection.3.5}% 20
\BOOKMARK [3][-]{subsubsection.3.5.2}{\376\377\153\145\232\244\116\214\377\032\213\276\177\156\121\154\137\000\217\223\121\145\116\016\171\301\133\306\000\040\000w\000i\000t\000n\000e\000s\000s}{subsection.3.5}% 21
\BOOKMARK [3][-]{subsubsection.3.5.3}{\376\377\153\145\232\244\116\011\377\032\165\037\142\020\213\301\146\016\133\306\224\245\060\001\232\214\213\301\133\306\224\245\116\016\213\301\146\016}{subsection.3.5}% 22
\BOOKMARK [3][-]{subsubsection.3.5.4}{\376\377\153\145\232\244\126\333\377\032\232\214\213\301\213\301\146\016}{subsection.3.5}% 23
\BOOKMARK [3][-]{subsubsection.3.5.5}{\376\377\217\333\226\066\116\343\170\001\213\364\146\016}{subsection.3.5}% 24
\BOOKMARK [1][-]{section.4}{\376\377\226\366\167\345\213\306\213\301\146\016\000-\123\357\227\140\140\047\143\242\172\166}{}% 25
\BOOKMARK [1][-]{section.5}{\376\377\133\236\232\214\140\073\176\323\000\040\000\046\000\040\137\303\137\227\117\123\117\032}{}% 26
