\BOOKMARK [1][-]{section.1}{\376\377\133\236\232\214\166\356\166\204}{}% 1
\BOOKMARK [1][-]{section.2}{\376\377\133\236\232\214\163\257\130\203}{}% 2
\BOOKMARK [1][-]{section.3}{\376\377\127\372\147\054\140\047\200\375}{}% 3
\BOOKMARK [2][-]{subsection.3.1}{\376\377\155\113\213\325\124\175\116\344}{section.3}% 4
\BOOKMARK [2][-]{subsection.3.2}{\376\377\155\113\213\325\176\323\147\234\123\312\122\006\147\220}{section.3}% 5
\BOOKMARK [1][-]{section.4}{\376\377\131\032\176\364\136\246\123\302\145\160\137\161\124\315\122\006\147\220}{}% 6
\BOOKMARK [2][-]{subsection.4.1}{\376\377\127\127\131\047\134\017\377\010\000b\000s\377\011\166\204\137\161\124\315}{section.4}% 7
\BOOKMARK [2][-]{subsection.4.2}{\376\377\136\166\123\321\116\016\226\037\122\027\155\361\136\246\377\010\000n\000u\000m\000j\000o\000b\000s\000\040\000\046\000\040\000i\000o\000d\000e\000p\000t\000h\377\011\166\204\137\161\124\315}{section.4}% 8
\BOOKMARK [2][-]{subsection.4.3}{\376\377\000I\000/\000O\000\040\137\025\144\316\377\010\000i\000o\000e\000n\000g\000i\000n\000e\377\011\133\371\153\324}{section.4}% 9
\BOOKMARK [1][-]{section.5}{\376\377\133\236\232\214\137\303\137\227\116\016\140\073\176\323}{}% 10
\BOOKMARK [1][-]{section.6}{\376\377\210\145\121\105\133\236\232\214\377\032\000L\000i\000n\000u\000x\000\040\116\016\000\040\000M\000a\000c\000\040\127\372\121\306\133\371\153\324}{}% 11
\BOOKMARK [2][-]{subsection.6.1}{\376\377\000M\000a\000c\000\040\155\113\213\325\163\257\130\203}{section.6}% 12
\BOOKMARK [2][-]{subsection.6.2}{\376\377\127\372\121\306\176\323\147\234\133\371\153\324}{section.6}% 13
\BOOKMARK [1][-]{appendix.A}{\376\377\116\272\135\345\146\172\200\375\117\177\165\050\140\305\121\265\213\364\146\016}{}% 14
\BOOKMARK [2][-]{subsection.A.1}{\376\377\133\371\213\335\213\260\137\125\000\040\0001\000:\000\040\165\037\142\020\142\123\123\160\163\257\130\203\117\341\140\157\000\040\000`\000s\000h\000`\000\040\201\032\147\054}{appendix.A}% 15
\BOOKMARK [2][-]{subsection.A.2}{\376\377\133\371\213\335\213\260\137\125\000\040\0002\000:\000\040\165\037\142\020\116\272\135\345\146\172\200\375\117\177\165\050\140\305\121\265\213\364\146\016\172\340\202\202\000\040\000L\000a\000T\000e\000X\000\040\152\041\147\177}{appendix.A}% 16
\BOOKMARK [2][-]{subsection.A.3}{\376\377\133\371\213\335\213\260\137\125\000\040\000X}{appendix.A}% 17
\BOOKMARK [2][-]{subsection.A.4}{\376\377\133\371\213\335\213\260\137\125\000\040\0003\000:\000\040\155\246\202\162\142\245\124\112\126\376\210\150\116\016\153\143\145\207\210\150\217\360}{appendix.A}% 18
\BOOKMARK [2][-]{subsection.A.5}{\376\377\133\371\213\335\213\260\137\125\000\040\0004\000:\000\040\165\037\142\020\000\040\000M\000a\000c\000\040\127\372\121\306\155\113\213\325\201\032\147\054}{appendix.A}% 19
\BOOKMARK [2][-]{subsection.A.6}{\376\377\133\371\213\335\213\260\137\125\000\040\0005\000:\000\040\217\205\122\251\122\006\147\220\000\040\000L\000i\000n\000u\000x\000\040\116\016\000\040\000M\000a\000c\000\040\166\204\135\356\137\002}{appendix.A}% 20
