\BOOKMARK [1][-]{section.1}{\376\377\137\025\212\000}{}% 1
\BOOKMARK [2][-]{subsection.1.1}{\376\377\177\026\121\231\166\356\166\204}{section.1}% 2
\BOOKMARK [2][-]{subsection.1.2}{\376\377\230\171\166\356\203\003\126\364}{section.1}% 3
\BOOKMARK [2][-]{subsection.1.3}{\376\377\145\207\150\143\176\323\147\204}{section.1}% 4
\BOOKMARK [2][-]{subsection.1.4}{\376\377\123\302\200\003\215\104\145\231}{section.1}% 5
\BOOKMARK [2][-]{subsection.1.5}{\376\377\147\057\213\355\116\016\177\051\165\145\213\355}{section.1}% 6
\BOOKMARK [1][-]{section.2}{\376\377\174\373\176\337\151\202\217\360}{}% 7
\BOOKMARK [2][-]{subsection.2.1}{\376\377\174\373\176\337\166\356\150\007}{section.2}% 8
\BOOKMARK [2][-]{subsection.2.2}{\376\377\165\050\142\067\211\306\211\322\151\202\217\360}{section.2}% 9
\BOOKMARK [2][-]{subsection.2.3}{\376\377\150\070\137\303\213\276\213\241\140\035\140\363}{section.2}% 10
\BOOKMARK [2][-]{subsection.2.4}{\376\377\217\320\210\114\116\012\116\013\145\207}{section.2}% 11
\BOOKMARK [1][-]{section.3}{\376\377\174\373\176\337\147\266\147\204}{}% 12
\BOOKMARK [2][-]{subsection.3.1}{\376\377\140\073\117\123\147\266\147\204\213\276\213\241}{section.3}% 13
\BOOKMARK [2][-]{subsection.3.2}{\376\377\122\006\134\102\121\163\174\373\213\364\146\016}{section.3}% 14
\BOOKMARK [2][-]{subsection.3.3}{\376\377\152\041\127\127\122\006\211\343\213\364\146\016}{section.3}% 15
\BOOKMARK [2][-]{subsection.3.4}{\376\377\147\266\147\204\121\263\173\126\213\364\146\016}{section.3}% 16
\BOOKMARK [1][-]{section.4}{\376\377\145\160\143\156\213\276\213\241}{}% 17
\BOOKMARK [2][-]{subsection.4.1}{\376\377\145\160\143\156\143\317\217\360}{section.4}% 18
\BOOKMARK [2][-]{subsection.4.2}{\376\377\145\160\143\156\155\101\213\364\146\016}{section.4}% 19
\BOOKMARK [2][-]{subsection.4.3}{\376\377\150\070\137\303\133\236\117\123\213\276\213\241}{section.4}% 20
\BOOKMARK [2][-]{subsection.4.4}{\376\377\145\160\143\156\133\127\121\170}{section.4}% 21
\BOOKMARK [2][-]{subsection.4.5}{\376\377\145\160\143\156\213\276\213\241\123\237\122\031}{section.4}% 22
\BOOKMARK [1][-]{section.5}{\376\377\227\142\124\021\133\371\214\141\213\276\213\241}{}% 23
\BOOKMARK [2][-]{subsection.5.1}{\376\377\213\276\213\241\213\364\146\016}{section.5}% 24
\BOOKMARK [2][-]{subsection.5.2}{\376\377\165\050\117\213\126\376}{section.5}% 25
\BOOKMARK [2][-]{subsection.5.3}{\376\377\174\173\126\376}{section.5}% 26
\BOOKMARK [2][-]{subsection.5.4}{\376\377\155\073\122\250\126\376}{section.5}% 27
\BOOKMARK [2][-]{subsection.5.5}{\376\377\230\172\136\217\126\376}{section.5}% 28
\BOOKMARK [2][-]{subsection.5.6}{\376\377\123\117\117\134\126\376}{section.5}% 29
\BOOKMARK [2][-]{subsection.5.7}{\376\377\162\266\140\001\126\376}{section.5}% 30
\BOOKMARK [2][-]{subsection.5.8}{\376\377\147\204\116\366\126\376}{section.5}% 31
\BOOKMARK [2][-]{subsection.5.9}{\376\377\220\350\177\162\126\376}{section.5}% 32
\BOOKMARK [2][-]{subsection.5.10}{\376\377\176\337\116\000\124\175\124\015\116\016\217\271\165\114\176\246\133\232}{section.5}% 33
\BOOKMARK [1][-]{section.6}{\376\377\165\114\227\142\213\276\213\241}{}% 34
\BOOKMARK [2][-]{subsection.6.1}{\376\377\165\114\227\142\213\276\213\241\140\073\211\310}{section.6}% 35
\BOOKMARK [2][-]{subsection.6.2}{\376\377\166\173\137\125\121\145\123\343\165\114\227\142}{section.6}% 36
\BOOKMARK [2][-]{subsection.6.3}{\376\377\136\372\152\041\135\345\117\134\123\360}{section.6}% 37
\BOOKMARK [2][-]{subsection.6.4}{\376\377\122\006\147\220\135\345\117\134\123\360}{section.6}% 38
\BOOKMARK [2][-]{subsection.6.5}{\376\377\173\241\164\006\124\130\135\345\117\134\123\360}{section.6}% 39
\BOOKMARK [2][-]{subsection.6.6}{\376\377\165\114\227\142\213\276\213\241\123\237\122\031}{section.6}% 40
\BOOKMARK [1][-]{section.7}{\376\377\140\073\176\323}{}% 41
